#-----------------------------------------------------------
# Vivado v2025.1 (64-bit)
# SW Build 6140274 on Wed May 21 22:58:25 MDT 2025
# IP Build 6138677 on Thu May 22 03:10:11 MDT 2025
# SharedData Build 6139179 on Tue May 20 17:58:58 MDT 2025
# Start of session at: Mon Nov 17 11:57:38 2025
# Process ID         : 155158
# Current directory  : /home/sonia/OneDrive/MAE2/VHDL/drone
# Command line       : vivado
# Log file           : /home/sonia/OneDrive/MAE2/VHDL/drone/vivado.log
# Journal file       : /home/sonia/OneDrive/MAE2/VHDL/drone/vivado.jou
# Running On         : soniakim
# Platform           : Ubuntu
# Operating System   : Ubuntu 22.04.5 LTS
# Processor Detail   : 11th Gen Intel(R) Core(TM) i7-1165G7 @ 2.80GHz
# CPU Frequency      : 3502.462 MHz
# CPU Physical cores : 4
# CPU Logical cores  : 8
# Host memory        : 16432 MB
# Swap memory        : 2147 MB
# Total Virtual      : 18580 MB
# Available Virtual  : 8850 MB
#-----------------------------------------------------------
start_gui
open_project /home/sonia/OneDrive/MAE2/VHDL/drone/sim/drone_pwm/drone_pwm.xpr
launch_simulation
source tb_pwm.tcl
run 200 ms
close_sim
launch_simulation
source tb_pwm.tcl
run 200 ms
close_sim
launch_simulation
source tb_pwm.tcl
open_hw_manager
connect_hw_server -allow_non_jtag
close_sim
